5
-17
6
-3
0
1
3
-5
480
18691697672192
-2
0
-91203129
16
-4356
